[t=   1.87s] FAULT isolate broker 1 (rp-1) [p0:follower p1:follower], heal in 4590 ms
[t=   6.66s] HEAL isolate broker 1; waiting for full health
[t=  27.83s] HEALTHY after 21204 ms
[t=  28.80s] FAULT kill broker 2 (rp-2) [p0:follower p1:follower], heal in 3045 ms
[t=  32.59s] HEAL kill broker 2; waiting for full health
[t=  33.10s] HEALTHY after 512 ms
[t=  35.22s] FAULT pause broker 1 (rp-1) [p0:follower p1:follower], heal in 4737 ms
[t=  40.05s] HEAL pause broker 1; waiting for full health
[t=  58.25s] HEALTHY after 18210 ms
[t=  59.63s] FAULT isolate broker 1 (rp-1) [p0:follower p1:follower], heal in 4816 ms
[t=  64.63s] HEAL isolate broker 1; waiting for full health
[t=  65.39s] HEALTHY after 778 ms
[t=  67.15s] FAULT kill broker 2 (rp-2) [p0:follower p1:follower], heal in 3014 ms
[t=  70.76s] HEAL kill broker 2; waiting for full health
[t=  88.43s] HEALTHY after 17676 ms
[t=  90.28s] FAULT isolate broker 0 (rp-0) [p0:leader p1:leader], heal in 4485 ms
[t=  95.14s] HEAL isolate broker 0; waiting for full health
[t=  96.16s] HEALTHY after 1184 ms
[t=  97.30s] FAULT isolate broker 1 (rp-1) [p0:leader p1:leader], heal in 3709 ms
[t= 103.54s] HEAL isolate broker 1; waiting for full health
[t= 114.73s] HEALTHY after 13542 ms
[t= 115.56s] FAULT kill broker 2 (rp-2) [p0:follower p1:follower], heal in 4036 ms
[t= 120.29s] HEAL kill broker 2; waiting for full health
[t= 120.80s] HEALTHY after 527 ms
[t= 120.80s] schedule done; waiting for full health
[t= 121.31s] producers stopped; readers draining
