[t=   1.51s] FAULT kill broker 2 (kf-2) [p0:follower p1:leader], heal in 3951 ms
[t=   5.96s] HEAL kill broker 2; waiting for full health
[t=   9.00s] HEALTHY after 3067 ms
[t=  11.45s] FAULT isolate broker 0 (kf-0) [p0:follower p1:leader], heal in 4862 ms
[t=  16.46s] HEAL isolate broker 0; waiting for full health
[t=  18.49s] HEALTHY after 2041 ms
[t=  21.33s] FAULT pause broker 2 (kf-2) [p0:follower p1:leader], heal in 4829 ms
[t=  26.25s] HEAL pause broker 2; waiting for full health
[t=  27.27s] HEALTHY after 1035 ms
[t=  28.57s] FAULT kill broker 0 (kf-0) [p0:follower p1:leader], heal in 4075 ms
[t=  33.18s] HEAL kill broker 0; waiting for full health
[t=  36.21s] HEALTHY after 3038 ms
[t=  37.73s] FAULT isolate broker 0 (kf-0) [p0:follower p1:follower], heal in 3218 ms
[t=  41.10s] HEAL isolate broker 0; waiting for full health
[t=  45.16s] HEALTHY after 4080 ms
[t=  48.13s] FAULT isolate broker 2 (kf-2) [p0:follower p1:leader], heal in 5241 ms
[t=  53.55s] HEAL isolate broker 2; waiting for full health
[t=  61.64s] HEALTHY after 8127 ms
[t=  64.53s] FAULT kill broker 2 (kf-2) [p0:follower p1:follower], heal in 3862 ms
[t=  68.84s] HEAL kill broker 2; waiting for full health
[t=  71.87s] HEALTHY after 3050 ms
[t=  74.19s] FAULT pause broker 2 (kf-2) [p0:follower p1:follower], heal in 3801 ms
[t=  78.08s] HEAL pause broker 2; waiting for full health
[t=  79.61s] HEALTHY after 1559 ms
[t=  80.54s] FAULT isolate broker 0 (kf-0) [p0:follower p1:leader], heal in 4561 ms
[t=  87.53s] HEAL isolate broker 0; waiting for full health
[t=  88.55s] HEALTHY after 3314 ms
[t=  91.47s] FAULT kill broker 1 (kf-1) [p0:leader p1:follower], heal in 4623 ms
[t=  96.55s] HEAL kill broker 1; waiting for full health
[t=  99.58s] HEALTHY after 3042 ms
[t= 100.86s] FAULT kill broker 0 (kf-0) [p0:follower p1:leader], heal in 3575 ms
[t= 104.89s] HEAL kill broker 0; waiting for full health
[t= 107.92s] HEALTHY after 3074 ms
[t= 110.89s] FAULT kill broker 1 (kf-1) [p0:follower p1:follower], heal in 4753 ms
[t= 116.00s] HEAL kill broker 1; waiting for full health
[t= 119.04s] HEALTHY after 3056 ms
[t= 120.33s] schedule done; waiting for full health
[t= 120.84s] producers stopped; readers draining
