[t=   1.87s] FAULT isolate broker 1 (rl-1) [p0:follower p1:leader], heal in 4590 ms
[t=   8.64s] HEAL isolate broker 1; waiting for full health
[t=   9.65s] HEALTHY after 3002 ms
[t=  10.61s] FAULT kill broker 2 (rl-2) [p0:follower p1:leader], heal in 3045 ms
[t=  17.87s] HEAL kill broker 2; waiting for full health
[t=  18.38s] HEALTHY after 4193 ms
[t=  20.50s] FAULT pause broker 1 (rl-1) [p0:follower p1:follower], heal in 4737 ms
[t=  25.35s] HEAL pause broker 1; waiting for full health
[t=  26.37s] HEALTHY after 1038 ms
[t=  27.75s] FAULT isolate broker 1 (rl-1) [p0:follower p1:follower], heal in 4816 ms
[t=  32.74s] HEAL isolate broker 1; waiting for full health
[t=  35.26s] HEALTHY after 2535 ms
[t=  37.02s] FAULT kill broker 2 (rl-2) [p0:follower p1:follower], heal in 3014 ms
[t=  40.47s] HEAL kill broker 2; waiting for full health
[t=  41.48s] HEALTHY after 1017 ms
[t=  43.33s] FAULT isolate broker 0 (rl-0) [p0:leader p1:leader], heal in 4485 ms
[t=  50.04s] HEAL isolate broker 0; waiting for full health
[t=  50.55s] HEALTHY after 2579 ms
[t=  51.70s] FAULT isolate broker 1 (rl-1) [p0:leader p1:leader], heal in 3709 ms
[t=  58.30s] HEAL isolate broker 1; waiting for full health
[t=  59.31s] HEALTHY after 3712 ms
[t=  60.14s] FAULT kill broker 2 (rl-2) [p0:follower p1:follower], heal in 4036 ms
[t=  64.73s] HEAL kill broker 2; waiting for full health
[t=  65.74s] HEALTHY after 1020 ms
[t=  66.64s] FAULT isolate broker 2 (rl-2) [p0:follower p1:follower], heal in 3975 ms
[t=  70.79s] HEAL isolate broker 2; waiting for full health
[t=  74.33s] HEALTHY after 3546 ms
[t=  77.18s] FAULT pause broker 0 (rl-0) [p0:leader p1:leader], heal in 4688 ms
[t=  96.98s] HEAL pause broker 0; waiting for full health
[t=  97.49s] HEALTHY after 15514 ms
[t= 100.28s] FAULT isolate broker 0 (rl-0) [p0:follower p1:follower], heal in 3955 ms
[t= 104.44s] HEAL isolate broker 0; waiting for full health
[t= 107.96s] HEALTHY after 3550 ms
[t= 109.69s] FAULT isolate broker 1 (rl-1) [p0:leader p1:leader], heal in 5238 ms
[t= 116.28s] HEAL isolate broker 1; waiting for full health
[t= 116.79s] HEALTHY after 1689 ms
[t= 118.81s] FAULT isolate broker 2 (rl-2) [p0:follower p1:follower], heal in 5772 ms
[t= 124.78s] HEAL isolate broker 2; waiting for full health
[t= 126.29s] HEALTHY after 1520 ms
[t= 126.29s] schedule done; waiting for full health
[t= 126.80s] producers stopped; readers draining
