[t=  0.002s] p0 leader -1 -> 0
[t=  0.002s] p1 leader -1 -> 1
[t=  2.567s] p0 leader 0 -> 1
[t= 13.133s] p0 leader 1 -> 0
[t= 13.133s] p1 leader 1 -> 0
[t= 16.941s] p0 leader 0 -> -1
[t= 16.941s] p1 leader 0 -> -1
[t= 17.193s] p0 leader -1 -> 1
[t= 17.193s] p1 leader -1 -> 1
[t= 27.019s] p0 leader 1 -> -1
[t= 27.019s] p1 leader 1 -> -1
[t= 27.142s] p0 leader -1 -> 0
[t= 27.142s] p1 leader -1 -> 0
[t= 46.311s] p0 leader 0 -> 1
[t= 46.311s] p1 leader 0 -> 1
[t= 92.288s] p0 leader 1 -> -1
[t= 92.288s] p1 leader 1 -> -1
[t= 92.338s] p0 leader -1 -> 0
[t= 92.338s] p1 leader -1 -> 0
[t=101.909s] p0 leader 0 -> 1
[t=101.909s] p1 leader 0 -> 1
[t=110.604s] p0 leader 1 -> 0
[t=110.604s] p1 leader 1 -> 0
