[t=   1.45s] FAULT isolate broker 0 (rl-0) [p0:leader p1:follower], heal in 3729 ms
[t=   8.06s] HEAL isolate broker 0; waiting for full health
[t=   9.07s] HEALTHY after 3731 ms
[t=  11.04s] FAULT pause broker 1 (rl-1) [p0:leader p1:leader], heal in 3072 ms
[t=  14.28s] HEAL pause broker 1; waiting for full health
[t=  14.79s] HEALTHY after 602 ms
[t=  16.03s] FAULT kill broker 0 (rl-0) [p0:leader p1:leader], heal in 4500 ms
[t=  23.28s] HEAL kill broker 0; waiting for full health
[t=  23.79s] HEALTHY after 2779 ms
[t=  26.04s] FAULT kill broker 1 (rl-1) [p0:leader p1:leader], heal in 5212 ms
[t=  33.30s] HEAL kill broker 1; waiting for full health
[t=  33.81s] HEALTHY after 2011 ms
[t=  35.20s] FAULT pause broker 1 (rl-1) [p0:follower p1:follower], heal in 5648 ms
[t=  40.97s] HEAL pause broker 1; waiting for full health
[t=  41.98s] HEALTHY after 1031 ms
[t=  44.20s] FAULT pause broker 0 (rl-0) [p0:leader p1:leader], heal in 5691 ms
[t=  64.98s] HEAL pause broker 0; waiting for full health
[t=  65.49s] HEALTHY after 15514 ms
[t=  67.20s] FAULT isolate broker 2 (rl-2) [p0:follower p1:follower], heal in 3604 ms
[t=  71.00s] HEAL isolate broker 2; waiting for full health
[t=  74.54s] HEALTHY after 3558 ms
[t=  75.56s] FAULT kill broker 2 (rl-2) [p0:follower p1:follower], heal in 5889 ms
[t=  82.02s] HEAL kill broker 2; waiting for full health
[t=  83.03s] HEALTHY after 1043 ms
[t=  85.39s] FAULT isolate broker 2 (rl-2) [p0:follower p1:follower], heal in 3079 ms
[t=  88.64s] HEAL isolate broker 2; waiting for full health
[t=  89.65s] HEALTHY after 1023 ms
[t=  91.17s] FAULT kill broker 1 (rl-1) [p0:leader p1:leader], heal in 4556 ms
[t=  98.43s] HEAL kill broker 1; waiting for full health
[t=  98.94s] HEALTHY after 2754 ms
[t=  99.81s] FAULT isolate broker 0 (rl-0) [p0:leader p1:leader], heal in 5439 ms
[t= 106.56s] HEAL isolate broker 0; waiting for full health
[t= 107.57s] HEALTHY after 2135 ms
[t= 109.02s] FAULT pause broker 1 (rl-1) [p0:leader p1:leader], heal in 4915 ms
[t= 129.04s] HEAL pause broker 1; waiting for full health
[t= 129.55s] HEALTHY after 15510 ms
[t= 129.55s] schedule done; waiting for full health
[t= 130.06s] producers stopped; readers draining
