[t=   2.29s] FAULT isolate broker 0 (rl-0) [p0:leader p1:follower], heal in 5346 ms
[t=   8.90s] HEAL isolate broker 0; waiting for full health
[t=   9.92s] HEALTHY after 2069 ms
[t=  11.80s] FAULT isolate broker 0 (rl-0) [p0:follower p1:follower], heal in 4798 ms
[t=  16.78s] HEAL isolate broker 0; waiting for full health
[t=  19.30s] HEALTHY after 2530 ms
[t=  20.68s] FAULT isolate broker 2 (rl-2) [p0:follower p1:follower], heal in 5083 ms
[t=  25.99s] HEAL isolate broker 2; waiting for full health
[t=  28.51s] HEALTHY after 2539 ms
[t=  30.10s] FAULT isolate broker 1 (rl-1) [p0:leader p1:leader], heal in 5190 ms
[t=  36.75s] HEAL isolate broker 1; waiting for full health
[t=  37.77s] HEALTHY after 2307 ms
[t=  39.30s] FAULT isolate broker 2 (rl-2) [p0:follower p1:follower], heal in 3797 ms
[t=  43.33s] HEAL isolate broker 2; waiting for full health
[t=  46.87s] HEALTHY after 3546 ms
[t=  49.22s] FAULT isolate broker 2 (rl-2) [p0:follower p1:follower], heal in 5813 ms
[t=  55.24s] HEAL isolate broker 2; waiting for full health
[t=  56.75s] HEALTHY after 1535 ms
[t=  59.71s] FAULT isolate broker 0 (rl-0) [p0:leader p1:leader], heal in 3906 ms
[t=  66.38s] HEAL isolate broker 0; waiting for full health
[t=  66.89s] HEALTHY after 3064 ms
[t=  66.89s] schedule done; waiting for full health
[t=  67.40s] producers stopped; readers draining
