[t=   2.29s] FAULT isolate broker 0 (kf-0) [p0:follower p1:follower], heal in 5346 ms
[t=   7.88s] HEAL isolate broker 0; waiting for full health
[t=   9.91s] HEALTHY after 2066 ms
[t=  11.78s] FAULT isolate broker 0 (kf-0) [p0:follower p1:follower], heal in 4798 ms
[t=  16.81s] HEAL isolate broker 0; waiting for full health
[t=  19.35s] HEALTHY after 2563 ms
[t=  20.74s] FAULT isolate broker 2 (kf-2) [p0:follower p1:leader], heal in 5083 ms
[t=  26.80s] HEAL isolate broker 2; waiting for full health
[t=  28.32s] HEALTHY after 2321 ms
[t=  29.91s] FAULT isolate broker 1 (kf-1) [p0:leader p1:follower], heal in 5190 ms
[t=  35.32s] HEAL isolate broker 1; waiting for full health
[t=  45.99s] HEALTHY after 10698 ms
[t=  47.51s] FAULT isolate broker 2 (kf-2) [p0:leader p1:follower], heal in 3797 ms
[t=  51.53s] HEAL isolate broker 2; waiting for full health
[t=  55.07s] HEALTHY after 3575 ms
[t=  57.41s] FAULT isolate broker 2 (kf-2) [p0:follower p1:follower], heal in 5813 ms
[t=  63.37s] HEAL isolate broker 2; waiting for full health
[t=  66.94s] HEALTHY after 3567 ms
[t=  66.94s] schedule done; waiting for full health
[t=  67.44s] producers stopped; readers draining
