[t=   1.52s] FAULT kill broker 2 (rp-2) [p0:follower p1:follower], heal in 3951 ms
[t=   6.12s] HEAL kill broker 2; waiting for full health
[t=   6.63s] HEALTHY after 543 ms
[t=   9.08s] FAULT isolate broker 0 (rp-0) [p0:leader p1:follower], heal in 4862 ms
[t=  16.07s] HEAL isolate broker 0; waiting for full health
[t=  35.30s] HEALTHY after 21160 ms
[t=  38.14s] FAULT pause broker 2 (rp-2) [p0:leader p1:follower], heal in 4829 ms
[t=  43.10s] HEAL pause broker 2; waiting for full health
[t=  43.61s] HEALTHY after 541 ms
[t=  44.91s] FAULT kill broker 0 (rp-0) [p0:leader p1:follower], heal in 4075 ms
[t=  49.61s] HEAL kill broker 0; waiting for full health
[t=  60.76s] HEALTHY after 11182 ms
[t=  62.28s] FAULT isolate broker 0 (rp-0) [p0:follower p1:follower], heal in 3218 ms
[t=  65.69s] HEAL isolate broker 0; waiting for full health
[t=  67.21s] HEALTHY after 1526 ms
[t=  70.18s] FAULT isolate broker 2 (rp-2) [p0:leader p1:follower], heal in 5241 ms
[t=  76.51s] HEAL isolate broker 2; waiting for full health
[t=  88.01s] HEALTHY after 12410 ms
[t=  90.90s] FAULT kill broker 2 (rp-2) [p0:follower p1:follower], heal in 3862 ms
[t=  95.36s] HEAL kill broker 2; waiting for full health
[t=  95.87s] HEALTHY after 536 ms
[t=  98.19s] FAULT pause broker 2 (rp-2) [p0:follower p1:follower], heal in 3801 ms
[t= 102.08s] HEAL pause broker 2; waiting for full health
[t= 102.59s] HEALTHY after 518 ms
[t= 103.52s] FAULT isolate broker 0 (rp-0) [p0:leader p1:follower], heal in 4561 ms
[t= 112.34s] HEAL isolate broker 0; waiting for full health
[t= 128.04s] HEALTHY after 19797 ms
[t= 128.04s] schedule done; waiting for full health
[t= 128.55s] producers stopped; readers draining
