[t=   1.51s] FAULT kill broker 2 (rl-2) [p0:follower p1:follower], heal in 3951 ms
[t=   5.98s] HEAL kill broker 2; waiting for full health
[t=   6.99s] HEALTHY after 1036 ms
[t=   9.44s] FAULT isolate broker 0 (rl-0) [p0:leader p1:follower], heal in 4862 ms
[t=  16.22s] HEAL isolate broker 0; waiting for full health
[t=  17.23s] HEALTHY after 2774 ms
[t=  20.07s] FAULT pause broker 2 (rl-2) [p0:follower p1:follower], heal in 4829 ms
[t=  25.00s] HEAL pause broker 2; waiting for full health
[t=  26.02s] HEALTHY after 1024 ms
[t=  27.31s] FAULT kill broker 0 (rl-0) [p0:follower p1:follower], heal in 4075 ms
[t=  31.90s] HEAL kill broker 0; waiting for full health
[t=  32.91s] HEALTHY after 1026 ms
[t=  34.43s] FAULT isolate broker 0 (rl-0) [p0:follower p1:follower], heal in 3218 ms
[t=  37.84s] HEAL isolate broker 0; waiting for full health
[t=  38.86s] HEALTHY after 1036 ms
[t=  41.83s] FAULT isolate broker 2 (rl-2) [p0:follower p1:follower], heal in 5241 ms
[t=  47.23s] HEAL isolate broker 2; waiting for full health
[t=  49.25s] HEALTHY after 2030 ms
[t=  52.13s] FAULT kill broker 2 (rl-2) [p0:follower p1:follower], heal in 3862 ms
[t=  56.47s] HEAL kill broker 2; waiting for full health
[t=  57.48s] HEALTHY after 1030 ms
[t=  59.80s] FAULT pause broker 2 (rl-2) [p0:follower p1:follower], heal in 3801 ms
[t=  63.74s] HEAL pause broker 2; waiting for full health
[t=  64.75s] HEALTHY after 1044 ms
[t=  65.68s] FAULT isolate broker 0 (rl-0) [p0:follower p1:follower], heal in 4561 ms
[t=  70.44s] HEAL isolate broker 0; waiting for full health
[t=  72.96s] HEALTHY after 2550 ms
[t=  75.88s] FAULT kill broker 1 (rl-1) [p0:leader p1:leader], heal in 4623 ms
[t=  83.14s] HEAL kill broker 1; waiting for full health
[t=  83.64s] HEALTHY after 2669 ms
[t=  84.92s] FAULT kill broker 0 (rl-0) [p0:leader p1:leader], heal in 3575 ms
[t=  92.18s] HEAL kill broker 0; waiting for full health
[t=  92.69s] HEALTHY after 3720 ms
[t=  95.65s] FAULT kill broker 1 (rl-1) [p0:leader p1:leader], heal in 4753 ms
[t= 102.78s] HEAL kill broker 1; waiting for full health
[t= 103.29s] HEALTHY after 2493 ms
[t= 104.58s] FAULT isolate broker 2 (rl-2) [p0:follower p1:follower], heal in 3305 ms
[t= 108.07s] HEAL isolate broker 2; waiting for full health
[t= 112.10s] HEALTHY after 4042 ms
[t= 114.31s] FAULT isolate broker 0 (rl-0) [p0:leader p1:leader], heal in 3573 ms
[t= 120.93s] HEAL isolate broker 0; waiting for full health
[t= 121.44s] HEALTHY after 3375 ms
[t= 121.44s] schedule done; waiting for full health
[t= 121.95s] producers stopped; readers draining
