[t=   1.87s] FAULT isolate broker 1 (kf-1) [p0:follower p1:leader], heal in 4590 ms
[t=   7.07s] HEAL isolate broker 1; waiting for full health
[t=  16.68s] HEALTHY after 10054 ms
[t=  17.64s] FAULT kill broker 2 (kf-2) [p0:follower p1:leader], heal in 3045 ms
[t=  23.08s] HEAL kill broker 2; waiting for full health
[t=  24.61s] HEALTHY after 3334 ms
[t=  26.73s] FAULT pause broker 1 (kf-1) [p0:follower p1:leader], heal in 4737 ms
[t=  31.55s] HEAL pause broker 1; waiting for full health
[t=  32.57s] HEALTHY after 1051 ms
[t=  33.95s] FAULT isolate broker 1 (kf-1) [p0:follower p1:follower], heal in 4816 ms
[t=  38.96s] HEAL isolate broker 1; waiting for full health
[t=  41.51s] HEALTHY after 2581 ms
[t=  43.26s] FAULT kill broker 2 (kf-2) [p0:follower p1:leader], heal in 3014 ms
[t=  46.89s] HEAL kill broker 2; waiting for full health
[t=  50.44s] HEALTHY after 3570 ms
[t=  52.29s] FAULT isolate broker 0 (kf-0) [p0:leader p1:follower], heal in 4485 ms
[t=  56.95s] HEAL isolate broker 0; waiting for full health
[t=  64.04s] HEALTHY after 7117 ms
[t=  65.18s] FAULT isolate broker 1 (kf-1) [p0:leader p1:leader], heal in 3709 ms
[t=  69.78s] HEAL isolate broker 1; waiting for full health
[t=  78.38s] HEALTHY after 9344 ms
[t=  79.21s] FAULT kill broker 2 (kf-2) [p0:follower p1:follower], heal in 4036 ms
[t=  83.80s] HEAL kill broker 2; waiting for full health
[t=  86.85s] HEALTHY after 3074 ms
[t=  87.74s] FAULT isolate broker 2 (kf-2) [p0:follower p1:follower], heal in 3975 ms
[t=  91.89s] HEAL isolate broker 2; waiting for full health
[t=  94.94s] HEALTHY after 3066 ms
[t=  97.79s] FAULT pause broker 0 (kf-0) [p0:leader p1:leader], heal in 4688 ms
[t= 102.90s] HEAL pause broker 0; waiting for full health
[t= 103.91s] HEALTHY after 1369 ms
[t= 106.70s] FAULT isolate broker 0 (kf-0) [p0:follower p1:follower], heal in 3955 ms
[t= 110.82s] HEAL isolate broker 0; waiting for full health
[t= 114.36s] HEALTHY after 3559 ms
[t= 116.09s] FAULT isolate broker 1 (kf-1) [p0:follower p1:follower], heal in 5238 ms
[t= 121.53s] HEAL isolate broker 1; waiting for full health
[t= 123.56s] HEALTHY after 2056 ms
[t= 123.56s] schedule done; waiting for full health
[t= 124.07s] producers stopped; readers draining
