[t=   1.46s] FAULT isolate broker 0 (rp-0) [p0:leader p1:follower], heal in 3729 ms
[t=   5.37s] HEAL isolate broker 0; waiting for full health
[t=  15.52s] HEALTHY after 10155 ms
[t=  17.48s] FAULT pause broker 1 (rp-1) [p0:follower p1:follower], heal in 3072 ms
[t=  20.68s] HEAL pause broker 1; waiting for full health
[t=  21.19s] HEALTHY after 518 ms
[t=  22.44s] FAULT kill broker 0 (rp-0) [p0:leader p1:follower], heal in 4500 ms
[t=  27.53s] HEAL kill broker 0; waiting for full health
[t=  39.19s] HEALTHY after 11681 ms
[t=  41.44s] FAULT kill broker 1 (rp-1) [p0:follower p1:follower], heal in 5212 ms
[t=  47.42s] HEAL kill broker 1; waiting for full health
[t=  48.44s] HEALTHY after 1032 ms
[t=  49.83s] FAULT pause broker 1 (rp-1) [p0:follower p1:follower], heal in 5648 ms
[t=  55.63s] HEAL pause broker 1; waiting for full health
[t=  56.14s] HEALTHY after 547 ms
[t=  58.36s] FAULT pause broker 0 (rp-0) [p0:follower p1:follower], heal in 5691 ms
[t=  64.15s] HEAL pause broker 0; waiting for full health
[t=  84.90s] HEALTHY after 20755 ms
[t=  86.61s] FAULT isolate broker 2 (rp-2) [p0:leader p1:leader], heal in 3604 ms
[t=  90.99s] HEAL isolate broker 2; waiting for full health
[t=  91.50s] HEALTHY after 1133 ms
[t=  92.53s] FAULT kill broker 2 (rp-2) [p0:follower p1:follower], heal in 5889 ms
[t=  98.97s] HEAL kill broker 2; waiting for full health
[t= 114.67s] HEALTHY after 15721 ms
[t= 117.03s] FAULT isolate broker 2 (rp-2) [p0:follower p1:follower], heal in 3079 ms
[t= 120.31s] HEAL isolate broker 2; waiting for full health
[t= 120.81s] HEALTHY after 537 ms
[t= 120.82s] schedule done; waiting for full health
[t= 121.33s] producers stopped; readers draining
