[t=   2.29s] FAULT isolate broker 0 (rl-0) [p0:leader p1:follower], heal in 5346 ms
[t=   7.82s] HEAL isolate broker 0; waiting for full health
[t=   9.84s] HEALTHY after 2028 ms
[t=  11.71s] FAULT isolate broker 0 (rl-0) [p0:follower p1:follower], heal in 4798 ms
[t=  16.73s] HEAL isolate broker 0; waiting for full health
[t=  19.24s] HEALTHY after 2537 ms
[t=  20.63s] FAULT isolate broker 2 (rl-2) [p0:follower p1:follower], heal in 5083 ms
[t=  25.94s] HEAL isolate broker 2; waiting for full health
[t=  27.95s] HEALTHY after 2042 ms
[t=  29.54s] FAULT isolate broker 1 (rl-1) [p0:leader p1:leader], heal in 5190 ms
[t=  34.91s] HEAL isolate broker 1; waiting for full health
[t=  36.93s] HEALTHY after 2023 ms
[t=  38.45s] FAULT isolate broker 2 (rl-2) [p0:follower p1:follower], heal in 3797 ms
[t=  42.44s] HEAL isolate broker 2; waiting for full health
[t=  45.97s] HEALTHY after 3559 ms
[t=  48.32s] FAULT isolate broker 2 (rl-2) [p0:follower p1:follower], heal in 5813 ms
[t=  54.33s] HEAL isolate broker 2; waiting for full health
[t=  55.86s] HEALTHY after 1547 ms
[t=  58.82s] FAULT isolate broker 0 (rl-0) [p0:leader p1:leader], heal in 3906 ms
[t=  62.91s] HEAL isolate broker 0; waiting for full health
[t=  66.45s] HEALTHY after 3551 ms
[t=  66.45s] schedule done; waiting for full health
[t=  66.95s] producers stopped; readers draining
[t= 157.08s] drain timed out with 5875 acked ids unread — checker will report them
