[t=  0.007s] p0 leader -1 -> 2
[t=  0.007s] p1 leader -1 -> 0
[t=  2.824s] p1 leader 0 -> 1
[t= 12.444s] p1 leader 1 -> -1
[t= 12.967s] p1 leader -1 -> 0
[t= 17.257s] p1 leader 0 -> -1
[t= 17.352s] p1 leader -1 -> 1
[t= 28.122s] p1 leader 1 -> -1
[t= 28.386s] p1 leader -1 -> 0
[t= 48.262s] p1 leader 0 -> -1
[t= 48.785s] p1 leader -1 -> 1
[t= 58.540s] p0 leader 2 -> 0
[t= 88.907s] p1 leader 1 -> -1
[t= 89.403s] p1 leader -1 -> 0
[t= 98.334s] p0 leader 0 -> 2
[t= 98.334s] p1 leader 0 -> 1
[t=104.785s] p1 leader 1 -> -1
[t=105.306s] p1 leader -1 -> 0
[t=115.444s] p0 leader 2 -> -1
[t=115.928s] p0 leader -1 -> 0
