[t=   1.46s] FAULT isolate broker 0 (kf-0) [p0:follower p1:leader], heal in 3729 ms
[t=   5.35s] HEAL isolate broker 0; waiting for full health
[t=   8.90s] HEALTHY after 3572 ms
[t=  10.87s] FAULT pause broker 1 (kf-1) [p0:follower p1:leader], heal in 3072 ms
[t=  14.03s] HEAL pause broker 1; waiting for full health
[t=  15.04s] HEALTHY after 1048 ms
[t=  16.29s] FAULT kill broker 0 (kf-0) [p0:follower p1:leader], heal in 4500 ms
[t=  21.26s] HEAL kill broker 0; waiting for full health
[t=  24.80s] HEALTHY after 3565 ms
[t=  27.06s] FAULT kill broker 1 (kf-1) [p0:follower p1:leader], heal in 5212 ms
[t=  32.74s] HEAL kill broker 1; waiting for full health
[t=  36.28s] HEALTHY after 3580 ms
[t=  37.67s] FAULT pause broker 1 (kf-1) [p0:follower p1:follower], heal in 5648 ms
[t=  43.44s] HEAL pause broker 1; waiting for full health
[t=  44.46s] HEALTHY after 1037 ms
[t=  46.68s] FAULT pause broker 0 (kf-0) [p0:follower p1:leader], heal in 5691 ms
[t=  52.45s] HEAL pause broker 0; waiting for full health
[t=  53.47s] HEALTHY after 1029 ms
[t=  55.18s] FAULT isolate broker 2 (kf-2) [p0:leader p1:follower], heal in 3604 ms
[t=  59.07s] HEAL isolate broker 2; waiting for full health
[t=  62.61s] HEALTHY after 3700 ms
[t=  63.64s] FAULT kill broker 2 (kf-2) [p0:follower p1:follower], heal in 5889 ms
[t=  69.94s] HEAL kill broker 2; waiting for full health
[t=  73.49s] HEALTHY after 3551 ms
[t=  75.84s] FAULT isolate broker 2 (kf-2) [p0:follower p1:follower], heal in 3079 ms
[t=  79.08s] HEAL isolate broker 2; waiting for full health
[t=  83.13s] HEALTHY after 4077 ms
[t=  84.66s] FAULT kill broker 1 (kf-1) [p0:follower p1:leader], heal in 4556 ms
[t=  89.91s] HEAL kill broker 1; waiting for full health
[t=  92.94s] HEALTHY after 3301 ms
[t=  93.81s] FAULT isolate broker 0 (kf-0) [p0:leader p1:leader], heal in 5439 ms
[t=  99.74s] HEAL isolate broker 0; waiting for full health
[t= 101.76s] HEALTHY after 2399 ms
[t= 103.21s] FAULT pause broker 1 (kf-1) [p0:follower p1:leader], heal in 4915 ms
[t= 108.22s] HEAL pause broker 1; waiting for full health
[t= 109.74s] HEALTHY after 1542 ms
[t= 112.49s] FAULT kill broker 2 (kf-2) [p0:leader p1:follower], heal in 3026 ms
[t= 116.04s] HEAL kill broker 2; waiting for full health
[t= 119.08s] HEALTHY after 3145 ms
[t= 121.99s] schedule done; waiting for full health
[t= 122.51s] producers stopped; readers draining
